{"prereg_sha256": "eb9ee068f45f379781d88f341e0cff266731cb368621864089ff9caee35a110d", "seed": 1, "steps": 2000}
{"train_units": 1576, "dev_units": 188, "train_kf": 14607}
{"head": "G", "step": 250, "loss": 0.0131, "dev_keyframe_iou": 0.6122, "per_ds": {"rv": 0.6975, "live": 0.5268}}
{"head": "G", "step": 500, "loss": 0.0147, "dev_keyframe_iou": 0.6163, "per_ds": {"rv": 0.7033, "live": 0.5294}}
{"head": "G", "step": 750, "loss": 0.0126, "dev_keyframe_iou": 0.6178, "per_ds": {"rv": 0.7059, "live": 0.5296}}
{"head": "G", "step": 1000, "loss": 0.016, "dev_keyframe_iou": 0.6185, "per_ds": {"rv": 0.7071, "live": 0.5299}}
{"head": "G", "step": 1250, "loss": 0.0103, "dev_keyframe_iou": 0.6184, "per_ds": {"rv": 0.7066, "live": 0.5302}}
{"head": "G", "step": 1500, "loss": 0.0084, "dev_keyframe_iou": 0.619, "per_ds": {"rv": 0.7076, "live": 0.5304}}
{"head": "G", "step": 1750, "loss": 0.0144, "dev_keyframe_iou": 0.6193, "per_ds": {"rv": 0.7081, "live": 0.5305}}
{"head": "G", "step": 2000, "loss": 0.0172, "dev_keyframe_iou": 0.6194, "per_ds": {"rv": 0.7082, "live": 0.5305}}
{"head": "G", "trained": {"best_step": 2000, "best_dev_keyframe_iou": 0.6193535966647639, "params": 20097, "s": 561.1}}
{"head": "V", "step": 250, "loss": 0.0138, "dev_keyframe_iou": 0.6179, "per_ds": {"rv": 0.6961, "live": 0.5397}}
{"head": "V", "step": 500, "loss": 0.0131, "dev_keyframe_iou": 0.6249, "per_ds": {"rv": 0.7001, "live": 0.5498}}
{"head": "V", "step": 750, "loss": 0.0112, "dev_keyframe_iou": 0.6263, "per_ds": {"rv": 0.7027, "live": 0.5499}}
{"head": "V", "step": 1000, "loss": 0.0112, "dev_keyframe_iou": 0.6253, "per_ds": {"rv": 0.7024, "live": 0.5482}}
{"head": "V", "step": 1250, "loss": 0.0077, "dev_keyframe_iou": 0.6266, "per_ds": {"rv": 0.7054, "live": 0.5478}}
{"head": "V", "step": 1500, "loss": 0.0051, "dev_keyframe_iou": 0.625, "per_ds": {"rv": 0.7037, "live": 0.5464}}
{"head": "V", "step": 1750, "loss": 0.0097, "dev_keyframe_iou": 0.626, "per_ds": {"rv": 0.7016, "live": 0.5504}}
{"head": "V", "step": 2000, "loss": 0.0082, "dev_keyframe_iou": 0.6272, "per_ds": {"rv": 0.703, "live": 0.5513}}
{"head": "V", "trained": {"best_step": 2000, "best_dev_keyframe_iou": 0.6271824764943605, "params": 2409985, "s": 990.9}}
{"head": "VQ", "step": 250, "loss": 0.0147, "dev_keyframe_iou": 0.624, "per_ds": {"rv": 0.7061, "live": 0.5418}}
{"head": "VQ", "step": 500, "loss": 0.0127, "dev_keyframe_iou": 0.6265, "per_ds": {"rv": 0.7015, "live": 0.5515}}
{"head": "VQ", "step": 750, "loss": 0.0104, "dev_keyframe_iou": 0.6287, "per_ds": {"rv": 0.7079, "live": 0.5495}}
{"head": "VQ", "step": 1000, "loss": 0.0119, "dev_keyframe_iou": 0.6303, "per_ds": {"rv": 0.7018, "live": 0.5587}}
{"head": "VQ", "step": 1250, "loss": 0.007, "dev_keyframe_iou": 0.6304, "per_ds": {"rv": 0.7051, "live": 0.5556}}
{"head": "VQ", "step": 1500, "loss": 0.0047, "dev_keyframe_iou": 0.6266, "per_ds": {"rv": 0.7013, "live": 0.5519}}
{"head": "VQ", "step": 1750, "loss": 0.0098, "dev_keyframe_iou": 0.6267, "per_ds": {"rv": 0.7028, "live": 0.5506}}
{"head": "VQ", "step": 2000, "loss": 0.008, "dev_keyframe_iou": 0.6266, "per_ds": {"rv": 0.7016, "live": 0.5516}}
{"head": "VQ", "trained": {"best_step": 1250, "best_dev_keyframe_iou": 0.630360518718088, "params": 2412417, "s": 5981.0}}
{"keyframe": "rv_dev", "G_ALL": {"units": 40, "mother": 0.6896976590156555, "selector": 0.7081999652087688, "oracle": 0.8189098507165908, "regret": 0.11070988550782204, "sel_minus_mother": 0.018502306193113327, "changed_frac": 0.38982028540470537}, "VQ_ALL": {"units": 40, "mother": 0.6896976590156555, "selector": 0.7050839573144912, "oracle": 0.8189098507165908, "regret": 0.11382589340209961, "sel_minus_mother": 0.015386298298835754, "changed_frac": 0.7889627875466589}}
{"keyframe": "rv_confirm2", "G_ALL": {"units": 200, "mother": 0.6657927919644863, "selector": 0.6772958486527204, "oracle": 0.8297641403973103, "regret": 0.1524682917445898, "sel_minus_mother": 0.01150305668823421, "changed_frac": 0.3422887445067842}, "VQ_ALL": {"units": 200, "mother": 0.6657927919644863, "selector": 0.6884002418071031, "oracle": 0.8297641403973103, "regret": 0.1413638985902071, "sel_minus_mother": 0.022607449842616915, "changed_frac": 0.7690947155820445}}
{"keyframe": "live_dev", "G_ALL": {"units": 148, "mother": 0.5245657575291556, "selector": 0.5305072173878953, "oracle": 0.7711372129820488, "regret": 0.24062999559415355, "sel_minus_mother": 0.005941459858739698, "changed_frac": 0.19883365508365508}, "VQ_ALL": {"units": 148, "mother": 0.5245657575291556, "selector": 0.5556370667307764, "oracle": 0.7711372129820488, "regret": 0.2155001462512725, "sel_minus_mother": 0.031071309201620722, "changed_frac": 0.7917712355212355}}
{"keyframe": "live_val", "G_ALL": {"units": 172, "mother": 0.5325812926126081, "selector": 0.5369079140729682, "oracle": 0.763306874002135, "regret": 0.22639895992916684, "sel_minus_mother": 0.00432662146036015, "changed_frac": 0.20303156146179402}, "VQ_ALL": {"units": 172, "mother": 0.5325812926126081, "selector": 0.5445353494480599, "oracle": 0.763306874002135, "regret": 0.2187715245540752, "sel_minus_mother": 0.011954056835451792, "changed_frac": 0.7882682724252491}}
{"pipeline": "rv_dev", "head": "G", "all": {"videos": 40, "mean": 0.011310401857835928, "ci95": [0.005565734569036751, 0.017523142246139205], "better": 29, "worse": 7, "worst": -0.012450517237259984}, "axis0": {"videos": 20, "mean": 0.0011623886371891962, "ci95": [-0.0020895754725115093, 0.004645201064395849], "better": 12, "worse": 5, "worst": -0.012450517237259984}, "axis1": {"videos": 20, "mean": 0.021458415078482663, "ci95": [0.012470236476908043, 0.031111312756494116], "better": 17, "worse": 2, "worst": -0.007044536473582608}}
{"pipeline": "rv_dev", "head": "V", "all": {"videos": 40, "mean": 0.01174387483653436, "ci95": [-0.01177124959440957, 0.037009614184852276], "better": 24, "worse": 14, "worst": -0.17689840885341968}, "axis0": {"videos": 20, "mean": 0.019833365656202067, "ci95": [-0.01770996567017628, 0.06731139619865485], "better": 10, "worse": 9, "worst": -0.12743614845641194}, "axis1": {"videos": 20, "mean": 0.003654384016866652, "ci95": [-0.022550686242463786, 0.026397135498346515], "better": 14, "worse": 5, "worst": -0.17689840885341968}}
{"pipeline": "rv_dev", "head": "VQ", "all": {"videos": 40, "mean": 0.010980873633139848, "ci95": [-0.011175569911658906, 0.036121355365916624], "better": 23, "worse": 15, "worst": -0.13748519044150997}, "axis0": {"videos": 20, "mean": 0.009101147802551357, "ci95": [-0.028015993120430727, 0.05864571319473148], "better": 9, "worse": 10, "worst": -0.1146038317486694}, "axis1": {"videos": 20, "mean": 0.012860599463728339, "ci95": [-0.011557306985431004, 0.03401600821704626], "better": 14, "worse": 5, "worst": -0.13748519044150997}}
{"pipeline": "rv_confirm2", "head": "G", "all": {"videos": 200, "mean": 0.00766436909056726, "ci95": [0.0038133953419043375, 0.01157988599636452], "better": 117, "worse": 68, "worst": -0.1132288908545801}, "axis0": {"videos": 100, "mean": 0.0017389501322074342, "ci95": [-6.56265054976631e-05, 0.003547259894620171], "better": 55, "worse": 38, "worst": -0.021466486776061333}, "axis1": {"videos": 100, "mean": 0.013589788048927085, "ci95": [0.00614335422633173, 0.02145716890450865], "better": 62, "worse": 30, "worst": -0.1132288908545801}}
{"pipeline": "rv_confirm2", "head": "V", "all": {"videos": 200, "mean": 0.01466500715135654, "ci95": [-0.00033634272064631416, 0.03070953398745623], "better": 108, "worse": 81, "worst": -0.4253103013568913}, "axis0": {"videos": 100, "mean": 0.018775543220388876, "ci95": [-0.007303366131349355, 0.04625722049913855], "better": 49, "worse": 46, "worst": -0.4253103013568913}, "axis1": {"videos": 100, "mean": 0.010554471082324204, "ci95": [-0.004929832347460881, 0.025647864944439134], "better": 59, "worse": 35, "worst": -0.29910785871132617}}
{"pipeline": "rv_confirm2", "head": "VQ", "all": {"videos": 200, "mean": 0.018955869264674585, "ci95": [0.007084292013378836, 0.031323879771475056], "better": 119, "worse": 70, "worst": -0.21654804572888034}, "axis0": {"videos": 100, "mean": 0.02068670582797749, "ci95": [0.0015492434847240364, 0.04242153769266234], "better": 57, "worse": 38, "worst": -0.21654804572888034}, "axis1": {"videos": 100, "mean": 0.017225032701371684, "ci95": [0.003397091390262902, 0.03109675446552985], "better": 62, "worse": 32, "worst": -0.20530835366761335}}
{"pipeline": "live_dev", "head": "G", "all": {"videos": 148, "mean": 0.00400203973330589, "ci95": [0.001970008695228364, 0.006396524429974923], "better": 76, "worse": 53, "worst": -0.015673753258966583}, "axis0": {"videos": 148, "mean": 0.00400203973330589, "ci95": [0.001970008695228364, 0.006396524429974923], "better": 76, "worse": 53, "worst": -0.015673753258966583}, "axis1": null}
{"pipeline": "live_dev", "head": "V", "all": {"videos": 148, "mean": 0.013514437889194745, "ci95": [0.0019057087740584743, 0.0249851921346027], "better": 75, "worse": 58, "worst": -0.2715879160083696}, "axis0": {"videos": 148, "mean": 0.013514437889194745, "ci95": [0.0019057087740584743, 0.0249851921346027], "better": 75, "worse": 58, "worst": -0.2715879160083696}, "axis1": null}
{"pipeline": "live_dev", "head": "VQ", "all": {"videos": 148, "mean": 0.014508546672119607, "ci95": [0.0032577993269855368, 0.025459868981892737], "better": 78, "worse": 59, "worst": -0.21291918562856504}, "axis0": {"videos": 148, "mean": 0.014508546672119607, "ci95": [0.0032577993269855368, 0.025459868981892737], "better": 78, "worse": 59, "worst": -0.21291918562856504}, "axis1": null}
{"pipeline": "live_val", "head": "G", "all": {"videos": 172, "mean": 0.0016957952647072853, "ci95": [0.00019604982358642175, 0.0032719684772879276], "better": 79, "worse": 71, "worst": -0.03855306186095986}, "axis0": {"videos": 172, "mean": 0.0016957952647072853, "ci95": [0.00019604982358642175, 0.0032719684772879276], "better": 79, "worse": 71, "worst": -0.03855306186095986}, "axis1": null}
{"pipeline": "live_val", "head": "V", "all": {"videos": 172, "mean": 0.011577526240220102, "ci95": [0.0014159083080842484, 0.022049492032758657], "better": 86, "worse": 72, "worst": -0.2398554833017913}, "axis0": {"videos": 172, "mean": 0.011577526240220102, "ci95": [0.0014159083080842484, 0.022049492032758657], "better": 86, "worse": 72, "worst": -0.2398554833017913}, "axis1": null}
{"pipeline": "live_val", "head": "VQ", "all": {"videos": 172, "mean": 0.01130016771766228, "ci95": [0.0020428629482944142, 0.020728146358204125], "better": 91, "worse": 69, "worst": -0.22411759699165945}, "axis0": {"videos": 172, "mean": 0.01130016771766228, "ci95": [0.0020428629482944142, 0.020728146358204125], "better": 91, "worse": 69, "worst": -0.22411759699165945}, "axis1": null}
{"decision": {"gate1_visual_value": {"dev_equal": {"G": 0.6193535912983321, "V": 0.627182472044149, "VQ": 0.6303605120226339}, "best_visual_minus_G": 0.01100692072430176, "rv_dev_only": {"G": 0.018502306193113327, "V": 0.013321848213672638, "VQ": 0.015386298298835754}}, "gate2_pipeline": {"rv_dev": {"V": {"mean": 0.01174387483653436, "ci_low": -0.01177124959440957, "axis1_mean": 0.003654384016866652}, "VQ": {"mean": 0.010980873633139848, "ci_low": -0.011175569911658906, "axis1_mean": 0.012860599463728339}}, "confirm": {"V": {"mean": 0.01466500715135654, "ci_low": -0.00033634272064631416, "axis1_mean": 0.010554471082324204}, "VQ": {"mean": 0.018955869264674585, "ci_low": 0.007084292013378836, "axis1_mean": 0.017225032701371684}}}, "promote_to_package": false, "chosen_head": null}}
done
